aarak2.are
abyss2.are
air.are
antharia.are
plains.are
haon.are
arachnos.are
arcadia.are
immort.are
midgaard.are
astral.are
blight.are
cabal_battle.are
cabal_chaos.are
cabal_hunter.are
cabal_invader.are
cabal_knight.are
cabal_lion.are
cabal_shalafi.are
cabal_ruler.are
camelot.are
canyon.are
catacomb.are
chapel.are
chess2.are
ciquala2.are
coven.are
dark2.are
divsouls.are
draconia.are
dragon2.are
drakyri.are
dream.are
drow.are
dwarven.are
dylan.are
eastern.are
faeriering.are
firetop2.are
freeport.are
gerghlm2.are
gnome.are
grave.are
grove.are
gstrong.are
gtown.are
help.are
help_admin.are
help_xandra.are
hitower.are
hood.are
isles.are
jher.are
king2.are
lich.are
limbo.are
mahntor.are
marsh.are
midennir.are
mirkwd2.are
thalos.are
ofcol2.are
mirror.are
mirror2.are
moria.are
mtdoom.are
nation.are
newbie2.are
newthalos.are
nirvana.are
ofcol.are
prison.are
palazzopietra.are
pyramid.are
quifael.are
sewer.are
redferne.are
ryzen2.are
school.are
selva.are
shire.are
social.are
social2.are
solace.are
spirriv.are
tcwnn.are
tcwnn2.are
titan.are
tree.are
trollden.are
wyvern.are
under2.are
unholy.are
valley.are
villa.are
warkeep.are
westland.are
zoo3.are
zoology.are
$
